Menu Principal
1 - Novo
2 - Abrir
3 - Guardar
4 - Guardar Como...
5 - Menu de Edição
6 - Menu de Consultas
0 - Sair
Escolha uma opção: 